  1/53 ✗ цитата не найдена в отрывке: «ОКАЗАЛОСЬ, ВМЕСТО ТОГО ЧТОБЫ ОТКЛЮЧИТЬ МОЙ КИСЛОРОДНЫЙ АППАР»
  2/53 ✓ ОПЕРАЦИЯ   Выход из графика восхождения
  3/53 ✓ ОПЕРАЦИЯ   Погоня за сроками восхождения
  4/53 нет кейса
  5/53 нет кейса
  6/53 нет кейса
  7/53 ✓ ЗНАНИЕ     Игнорирование состояния участников группы
  8/53 нет кейса
  9/53 ✓ ЗНАНИЕ     Недооценка важности опыта
 10/53 ✓ ЦЕЛЬ       Отказ от возвращения с вершины
 11/53 ✗ цитата не найдена в отрывке: «Самым важным было то, что я провел гораздо меньше времени на»
 12/53 нет кейса
 13/53 ✓ ТАБЛО      Игнорирование сигналов опасности
 14/53 ✗ цитата не найдена в отрывке: «Он был исключительно сильным, но имел минимальный опыт пребы»
 15/53 ✓ ОПЕРАЦИЯ   Опасный переход через трещину
 16/53 ✗ цитата не найдена в отрывке: «Фишер позволял своим клиентам во время периода акклиматизаци»
 17/53 ✗ цитата не найдена в отрывке: «НАДО БЫЛО ЕГО ВЫВОЗИТЬ НА ВЕРТОЛЕТЕ ЕЩЕ ВЧЕРА УТРО, КОГДА БЫ»
 18/53 ✓ ОПЕРАЦИЯ   Отсрочка установки эндотрахеальной трубки
 19/53 ✗ цитата не найдена в отрывке: «когда утром 26 апреля Анг Дордже и Лхакпа Чхири из команды Х»
 20/53 ✓ ТАБЛО      Отсутствие концентрации из-за предвосхищения
 21/53 ✓ ОПЕРАЦИЯ   Отказ Букреева от функций сопровождения
 22/53 ✓ ОПЕРАЦИЯ   Нарушение обещания не штурмовать вершину
 23/53 ✗ цитата не найдена в отрывке: «Даг плохо выглядел, — вспоминает Бек. — Он жаловался, что не»
 24/53 ✓ ОПЕРАЦИЯ   Отсутствие связки между участниками группы
 25/53 ✓ ОПЕРАЦИЯ   Отказ от плана провешивания веревок
 26/53 ✗ цитата не найдена в отрывке: «...он оставил там свой рюкзак, а баллон с кислородом, маску »
 27/53 ✓ ОПЕРАЦИЯ   Потеря времени на установке веревок
 28/53 ✓ ЗНАНИЕ     Отсутствие данных о грозовых облаках
 29/53 ✓ ЗНАНИЕ     Сокрытие проблем со зрением Бек Уэтерс
 30/53 ✓ ЗНАНИЕ     Недостаточный запас кислорода
 31/53 ✓ ОПЕРАЦИЯ   Нарушение времени спуска с вершины
 32/53 ✗ цитата не найдена в отрывке: «Я видел, что ему очень тяжело, но это же был Скотт, поэтому »
 33/53 ✓ ОПЕРАЦИЯ   Спуск группы в условиях плохой видимости
 34/53 ✓ ЗНАНИЕ     Отсутствие связи с группой
 35/53 ✓ ОПЕРАЦИЯ   Отсутствие координации между спасателями
 36/53 ✓ ОРУДИЕ     Отказ в предоставлении радиопередатчика
 37/53 ✓ ОПЕРАЦИЯ   Отказ от использования кислорода на вершине
 38/53 ✓ ОПЕРАЦИЯ   Отказ от своевременного возвращения
 39/53 ✓ ОПЕРАЦИЯ   Несвоевременный спуск с вершины
 40/53 ✓ ОПЕРАЦИЯ   Сокрытие состояния Энди Харриса
 41/53 ✓ ОПЕРАЦИЯ   Отказ от спуска с вершины
 42/53 ✓ ТАБЛО      Ошибочное определение вершины из-за плохой видимости
 43/53 ✓ ТАБЛО      Ошибка в экипировке руководителя
 44/53 ✓ ЗНАНИЕ     Потеря ориентации в условиях высокогорья
 45/53 ✓ ОРУДИЕ     Окончание кислорода у Стюарта Хатчисона
 46/53 ✓ ЗНАНИЕ     Отсутствие контроля над состоянием группы
 47/53 ✓ ОПЕРАЦИЯ   Оставленный ледоруб на склоне
 48/53 ✗ цитата не найдена в отрывке: «пренебрежение оговоренным временем спуска с вершины не могло»
 49/53 ✓ ЦЕЛЬ       Отсутствие благоразумия при восхождении
 50/53 ✓ ЦЕЛЬ       Продолжение штурма после трагедии
 51/53 ✗ цитата не найдена в отрывке: «Херрод находился на «крыше мира» в полном одиночестве, он чр»
 52/53 нет кейса
 53/53 ✓ ОПЕРАЦИЯ   Недостаточная акклиматизация на высоте

кейсов принято: 36 · отбраковано по цитате: 11 · без кейса: 6
